../Core/Src/main.c:182:5:ov7670_read	24	static
../Core/Src/main.c:198:5:ov7670_write	32	static
../Core/Src/main.c:209:5:ov7670_init	8	static
../Core/Src/main.c:224:5:ov7670_config	16	static
../Core/Src/main.c:260:5:main	153616	static
../Core/Src/main.c:370:6:SystemClock_Config	88	static
../Core/Src/main.c:418:13:MX_DCMI_Init	8	static
../Core/Src/main.c:451:13:MX_I2C2_Init	8	static
../Core/Src/main.c:499:13:MX_UART4_Init	8	static
../Core/Src/main.c:530:13:MX_DMA_Init	16	static
../Core/Src/main.c:552:13:MX_GPIO_Init	56	static
../Core/Src/main.c:593:6:Error_Handler	4	static,ignoring_inline_asm
